app_uart.c:26:6:UART_SIM7600_Init	8	static
app_uart.c:53:6:UART_SIM7600_Transmit	16	static
app_uart.c:66:9:UART_SIM7600_Received_Buffer_Available	4	static
app_uart.c:74:9:UART_SIM7600_Read_Received_Buffer	16	static
app_uart.c:88:6:UART_485_Init	8	static
app_uart.c:116:6:UART_485_Transmit	16	static
app_uart.c:128:9:UART_485_Received_Buffer_Available	4	static
app_uart.c:136:9:UART_485_Read_Received_Buffer	16	static
app_uart.c:149:6:UART_DEBUG_Init	8	static
app_uart.c:177:6:UART_DEBUG_Transmit	16	static
app_uart.c:185:19:Custom_UART_Receive_IT	16	static
app_uart.c:201:10:Receive_From_Buffer	16	static
